[dotenv@17.2.3] injecting env (3) from .env -- tip: ≡ƒöÉ prevent building .env in docker: https://dotenvx.com/prebuild
1. Reading API Key...
   Key found: AIzaSyAJ...
2. Sending request to Gemini 1.5 Flash...
node : Γ¥î FAILED:
At line:1 char:1
+ node test-gemini.js > test_output.txt 2>&1
+ ~~~~~~~~~~~~~~~~~~~~~~~~~~~~~~~~~~~~~~~~~~
    + CategoryInfo          : NotSpecified: (Γ¥î FAILED::S 
   tring) [], RemoteException
    + FullyQualifiedErrorId : NativeCommandError
 
[GoogleGenerativeAI Error]: Error fetching from https://gen
erativelanguage.googleapis.com/v1beta/models/gemini-pro:gen
erateContent: [404 Not Found] models/gemini-pro is not 
found for API version v1beta, or is not supported for 
generateContent. Call ListModels to see the list of 
available models and their supported methods.
